// Jest Snapshot v1, https://goo.gl/fbAQLP

exports[`Planet Grid rendering should take a snapshot 1`] = `
<DocumentFragment>
  <div
    class="planet-container"
  >
    <div
      class="planet-surface"
    >
      <table
        border="1"
        cellspacing="0"
        class="grid-container"
        height="100%"
        width="100%"
      >
        <tbody>
          <tr
            class="grid-row row-5"
          >
            <td
              class="grid-column column-0"
            >
              <span />
            </td>
            <td
              class="grid-column column-1"
            >
              <span />
            </td>
            <td
              class="grid-column column-2"
            >
              <span />
            </td>
            <td
              class="grid-column column-3"
            >
              <span />
            </td>
            <td
              class="grid-column column-4"
            >
              <span />
            </td>
            <td
              class="grid-column column-5"
            >
              <span />
            </td>
          </tr>
          <tr
            class="grid-row row-4"
          >
            <td
              class="grid-column column-0"
            >
              <span />
            </td>
            <td
              class="grid-column column-1"
            >
              <span />
            </td>
            <td
              class="grid-column column-2"
            >
              <span />
            </td>
            <td
              class="grid-column column-3"
            >
              <span />
            </td>
            <td
              class="grid-column column-4"
            >
              <span />
            </td>
            <td
              class="grid-column column-5"
            >
              <span />
            </td>
          </tr>
          <tr
            class="grid-row row-3"
          >
            <td
              class="grid-column column-0"
            >
              <span />
            </td>
            <td
              class="grid-column column-1"
            >
              <span />
            </td>
            <td
              class="grid-column column-2"
            >
              <span />
            </td>
            <td
              class="grid-column column-3"
            >
              <span />
            </td>
            <td
              class="grid-column column-4"
            >
              <span />
            </td>
            <td
              class="grid-column column-5"
            >
              <span />
            </td>
          </tr>
          <tr
            class="grid-row row-2"
          >
            <td
              class="grid-column column-0"
            >
              <span />
            </td>
            <td
              class="grid-column column-1"
            >
              <span />
            </td>
            <td
              class="grid-column column-2"
            >
              <span />
            </td>
            <td
              class="grid-column column-3"
            >
              <span />
            </td>
            <td
              class="grid-column column-4"
            >
              <span />
            </td>
            <td
              class="grid-column column-5"
            >
              <span />
            </td>
          </tr>
          <tr
            class="grid-row row-1"
          >
            <td
              class="grid-column column-0"
            >
              <span
                class="robot N"
              >
                <svg>
                  robot.svg
                </svg>
                R1
              </span>
            </td>
            <td
              class="grid-column column-1"
            >
              <span />
            </td>
            <td
              class="grid-column column-2"
            >
              <span />
            </td>
            <td
              class="grid-column column-3"
            >
              <span />
            </td>
            <td
              class="grid-column column-4"
            >
              <span />
            </td>
            <td
              class="grid-column column-5"
            >
              <span />
            </td>
          </tr>
          <tr
            class="grid-row row-0"
          >
            <td
              class="grid-column column-0"
            >
              <span />
            </td>
            <td
              class="grid-column column-1"
            >
              <span />
            </td>
            <td
              class="grid-column column-2"
            >
              <span />
            </td>
            <td
              class="grid-column column-3"
            >
              <span />
            </td>
            <td
              class="grid-column column-4"
            >
              <span />
            </td>
            <td
              class="grid-column column-5"
            >
              <span />
            </td>
          </tr>
        </tbody>
      </table>
    </div>
  </div>
</DocumentFragment>
`;
