// Jest Snapshot v1, https://goo.gl/fbAQLP

exports[`Planet Grid rendering should take a snapshot 1`] = `
<DocumentFragment>
  <h2>
    This is
  </h2>
  <button
    class="init"
    type="button"
  >
    Start moving robot
  </button>
  <div
    class="column"
  >
    <div
      class="console"
    >
      <header>
        <h1
          data-testid="application-heading"
        >
          Mars Rover project
        </h1>
      </header>
      <div
        class="consolebody"
      >
        <p>
          &gt;
        </p>
      </div>
    </div>
  </div>
  <div
    class="column "
  >
    <div>
      Click above to start
    </div>
  </div>
</DocumentFragment>
`;
