// Jest Snapshot v1, https://goo.gl/fbAQLP

exports[`Grid row snapshot should take a snapshot 1`] = `
<DocumentFragment>
  <table
    border="1"
    cellspacing="0"
    class="grid-container"
    height="100%"
    width="100%"
  >
    <tbody>
      <tr
        class="grid-row row-0"
      >
        <td
          class="grid-column column-0"
        >
          <span />
        </td>
      </tr>
    </tbody>
  </table>
</DocumentFragment>
`;
